// Jest Snapshot v1, https://goo.gl/fbAQLP

exports[`The snapshot should match when there is an array of expenses 1`] = `
<div>
  <h1>
    This is my Expense List
  </h1>
  <ExpenseListItem
    amount={196}
    createdAt={0}
    description="Gum"
    id="1"
    key="1"
    note=""
  />
  <ExpenseListItem
    amount={109500}
    createdAt={-345600000}
    description="Rent"
    id="2"
    key="2"
    note=""
  />
  <ExpenseListItem
    amount={4500}
    createdAt={3456000000}
    description="Credit Card"
    id="3"
    key="3"
    note="I never pay interest as I clear the whole balance every month"
  />
</div>
`;

exports[`The snapshot should match when there is an empty array of expenses 1`] = `
<div>
  <h1>
    This is my Expense List
  </h1>
</div>
`;
