// Jest Snapshot v1, https://goo.gl/fbAQLP

exports[`The snapshot should match when values are passed 1`] = `
<div>
  <h1>
    Summary
  </h1>
  <p>
    Viewing 
    3525
     
     totalling 
    Â£1728.18
  </p>
</div>
`;
