// Jest Snapshot v1, https://goo.gl/fbAQLP

exports[`The snapshot should match when there is expense data 1`] = `
<div>
  <p>
    <Link
      to="edit/3"
    >
      Credit Card
    </Link>
    Â£45.00
    Created Date: 
    10th February 1970
    .
  </p>
</div>
`;
