// Jest Snapshot v1, https://goo.gl/fbAQLP

exports[`The snapshot should match when there is expense data 1`] = `
<div>
  <Connect(ExpenseListFilters) />
  <Connect(ExpenseList) />
</div>
`;
